// Jest Snapshot v1, https://goo.gl/fbAQLP

exports[`Navbar component is working 1`] = `
<div>
  <div
    className="navbar"
  >
    <div
      className="navbar__title"
    >
      Math Magicians
    </div>
    <ul
      className="navbar__items"
    >
      <li
        className="item"
      >
        <a
          href="/"
          onClick={[Function]}
        >
          Home
        </a>
      </li>
      <li
        className="item"
      >
        <a
          href="/calculator"
          onClick={[Function]}
        >
          Calculator
        </a>
      </li>
      <li
        className="item"
      >
        <a
          href="/quote"
          onClick={[Function]}
        >
          Quote
        </a>
      </li>
    </ul>
  </div>
</div>
`;

exports[`Navbar component working 1`] = `
<div>
  <div
    className="navbar"
  >
    <div
      className="navbar__title"
    >
      Math Magicians
    </div>
    <ul
      className="navbar__items"
    >
      <li
        className="item"
      >
        <a
          href="/"
          onClick={[Function]}
        >
          Home
        </a>
      </li>
      <li
        className="item"
      >
        <a
          href="/calculator"
          onClick={[Function]}
        >
          Calculator
        </a>
      </li>
      <li
        className="item"
      >
        <a
          href="/quote"
          onClick={[Function]}
        >
          Quote
        </a>
      </li>
    </ul>
  </div>
</div>
`;
